// 重构日志: dffc54b1
// 重构日志: 537f2123
// 同步 ID: 3b4ca92c @ Sun Jul 26 07:54:16 UTC 2026
// 同步 ID: 20dc4929 @ Sun Jul 26 14:55:39 UTC 2026
// 重构日志: 5b05295c
// 同步 ID: 141986a3 @ Mon Jul 27 00:26:45 UTC 2026
// 重构日志: 630357e8
// 重构日志: 7ceadd73
// 重构日志: ab7e1cc8
// 重构日志: 3b7a08bd
// 重构日志: 7e748a16
// 重构日志: 4a2d1929
// 重构日志: 8b87ca7f
// 重构日志: a7210135
// 重构日志: 3be46b45
// 重构日志: 65fae7a4
// 同步 ID: 26c97b0c @ Sat Aug  1 10:55:10 UTC 2026
// 重构日志: 007f3da7
// 同步 ID: 147213bb @ Sat Aug  1 14:39:23 UTC 2026
// 重构日志: caa6404b
// 重构日志: b0a42fe4
// 同步 ID: bebad0c8 @ Sun Aug  2 14:47:53 UTC 2026
// 重构日志: 5165659a
// 重构日志: e51859ca
// 重构日志: 615078f8
// 重构日志: f59a33dc
// 同步 ID: 53ee0817 @ Fri Aug  7 11:29:15 UTC 2026
// 同步 ID: 11eaecc6 @ Fri Aug  7 17:56:22 UTC 2026
// 同步 ID: ad476ea3 @ Sat Aug  8 09:01:48 UTC 2026
// 同步 ID: 412adf31 @ Sat Aug  8 11:35:20 UTC 2026
// 重构日志: e50dc2a6
